Invalid type in expression got Bool was expecting Number