Invalid type in expression got Number was expecting Bool