goto _L2
_L2
if a > 5 goto _L0
goto _L1
_L0
a = 1
if a < 5 goto _L6
goto _L7
_L6
goto _L8
_L7
_t2 = a + 1
a = _t2
_L8
_L1
if b == 1 goto _L12
goto _L13
_L12
_t3 = a + 10
a = _t3
goto _L14
_L13
_t4 = a * 2
a = _t4
_L14
_L15
if a > 0 goto _L16
goto _L17
_L16
_t6 = a - 1
a = _t6
goto _L15
_L17
