_t0 = 2 * 3
_t1 = 1 + _t0
_t2 = - 6
_t3 = 4 / _t2
_t4 = _t1 - _t3
a = _t4
_t5 = - 2
b = _t5
_t6 = 3 + 3
_t7 = _t6 + 3
c = _t7
