if 3 > 2 goto _L0
goto _L1
_L0
a = 1
goto _L2
_L1
a = 0
_L2
goto _L6
_L9
_t2 = - 1
_t3 = 2 + 2
if _t2 <= _t3 goto _L6
goto _L7
_L6
b = 1
goto _L8
_L7
b = 0
_L8
goto _L17
_L16
_t4 = 1
goto _L18
_L17
_t4 = 0
_L18
goto _L20
_L19
_t5 = 1
goto _L21
_L20
_t5 = 0
_L21
if _t4 == _t5 goto _L13
goto _L14
_L13
c = 1
goto _L15
_L14
c = 0
_L15
_t7 = 2 + 3
if 5 == _t7 goto _L22
goto _L23
_L22
d = 1
goto _L24
_L23
d = 0
_L24
if a == 1 goto _L31
goto _L32
_L31
_t8 = 1
goto _L33
_L32
_t8 = 0
_L33
if b == 1 goto _L34
goto _L35
_L34
_t9 = 1
goto _L36
_L35
_t9 = 0
_L36
if _t8 == _t9 goto _L28
goto _L29
_L28
e = 1
goto _L30
_L29
e = 0
_L30
