Invalid type in expression got Bool and Number was expecting Number