Invalid type in expression got Bool and Bool was expecting Number