ASTProgram
| ASTBlock
| | ASTStmt
| | | ASTAssignStmt
| | | | ASTExpr
| | ASTStmt
| | | ASTAssignStmt
| | | | ASTExpr
| | ASTStmt
| | | ASTAssignStmt
| | | | ASTExpr
| | ASTStmt
| | | ASTAssignStmt
| | | | ASTExpr
| | ASTStmt
| | | ASTAssignStmt
| | | | ASTExpr
| | ASTStmt
| | | ASTAssignStmt
| | | | ASTExpr
| | ASTStmt
| | | ASTAssignStmt
| | | | ASTExpr
