ASTProgram
| ASTBlock
| | ASTBlock
| | | ASTStmt
| | | | ASTAssignStmt
| | | | | ASTExpr
| | ASTBlock
| | | ASTStmt
| | | | ASTAssignStmt
| | | | | ASTExpr
| | | ASTBlock
| | | | ASTStmt
| | | | | ASTAssignStmt
| | | | | | ASTExpr
