ASTProgram
| ASTBlock
| | ASTStmt
| | | ASTIfStmt
| | | | ASTExpr
| | | | ASTStmt
| | ASTStmt
| | | ASTIfStmt
| | | | ASTExpr
| | | | ASTBlock
| | | | | ASTStmt
| | | | | | ASTAssignStmt
| | | | | | | ASTExpr
| | | | | ASTStmt
| | | | | | ASTAssignStmt
| | | | | | | ASTExpr
| | ASTStmt
| | | ASTIfStmt
| | | | ASTExpr
| | | | ASTBlock
| | | | ASTStmt
| | | | | ASTAssignStmt
| | | | | | ASTExpr
| | ASTStmt
| | | ASTIfStmt
| | | | ASTExpr
| | | | ASTBlock
| | | | ASTBlock
| | ASTStmt
| | | ASTIfStmt
| | | | ASTExpr
| | | | ASTBlock
| | | | ASTStmt
| | | | | ASTIfStmt
| | | | | | ASTExpr
| | | | | | ASTBlock
| | | | | | ASTBlock
| | ASTStmt
| | | ASTIfStmt
| | | | ASTExpr
| | | | ASTStmt
| | | | | ASTIfStmt
| | | | | | ASTExpr
| | | | | | ASTStmt
| | | | | | | ASTIfStmt
| | | | | | | | ASTExpr
| | | | | | | | ASTBlock
| | | | | | | | ASTStmt
