ASTProgram
| ASTBlock
| | ASTStmt
| | | ASTWhileStmt
| | | | ASTExpr
| | | | ASTStmt
| | ASTStmt
| | | ASTWhileStmt
| | | | ASTExpr
| | | | ASTBlock
| | ASTStmt
| | | ASTWhileStmt
| | | | ASTExpr
| | | | ASTBlock
| | | | | ASTStmt
| | | | | | ASTWhileStmt
| | | | | | | ASTExpr
| | | | | | | ASTStmt
| | ASTStmt
| | | ASTWhileStmt
| | | | ASTExpr
| | | | ASTStmt
| | | | | ASTWhileStmt
| | | | | | ASTExpr
| | | | | | ASTBlock
| | | | | | | ASTStmt
| | | | | | | | ASTAssignStmt
| | | | | | | | | ASTExpr
| | | | | | | ASTStmt
| | | | | | | | ASTAssignStmt
| | | | | | | | | ASTExpr
| | | | | | | ASTStmt
| | | | | | | | ASTAssignStmt
| | | | | | | | | ASTExpr
